White wins!
A1B1A2B2A3B3A4B4A6B5
Thank you for playing!
